This file uses doctest to test the matrix_divided function.

>>> matrix = [[1, 2, 3], [4, 5, 6]]
>>> matrix_divided(matrix, 3)
[[0.33, 0.67, 1.0], [1.33, 1.67, 2.0]]

>>> matrix_divided([[3, 6], [9, 12]], 3)
[[1.0, 2.0], [3.0, 4.0]]

>>> matrix_divided([[1.5, 2.5]], 0.5)
[[3.0, 5.0]]

>>> matrix_divided([[1, 2], [3, 4, 5]], 2)
Traceback (most recent call last):
    ...
TypeError: Each row of the matrix must have the same size

>>> matrix_divided("not a matrix", 2)
Traceback (most recent call last):
    ...
TypeError: matrix must be a matrix (list of lists) of integers/floats

>>> matrix_divided([[1, "2"]], 2)
Traceback (most recent call last):
    ...
TypeError: matrix must be a matrix (list of lists) of integers/floats

>>> matrix_divided([[1, 2]], 0)
Traceback (most recent call last):
    ...
ZeroDivisionError: division by zero

>>> matrix_divided([[1, 2]], "a")
Traceback (most recent call last):
    ...
TypeError: div must be a number
